// Jest Snapshot v1, https://goo.gl/fbAQLP

exports[`App should render correctly 1`] = `
ShallowWrapper {
  Symbol(enzyme.__root__): [Circular],
  Symbol(enzyme.__unrendered__): <App />,
  Symbol(enzyme.__renderer__): Object {
    "batchedUpdates": [Function],
    "checkPropTypes": [Function],
    "getNode": [Function],
    "render": [Function],
    "simulateError": [Function],
    "simulateEvent": [Function],
    "unmount": [Function],
  },
  Symbol(enzyme.__node__): Object {
    "instance": null,
    "key": undefined,
    "nodeType": "host",
    "props": Object {
      "children": <div
        className="container"
      >
        <div
          className="row"
          style={
            Object {
              "marginTop": "100px",
            }
          }
        >
          <Connect(CustomSlider)
            list={
              Array [
                "Singapore",
                "Paris",
                "Dubai",
              ]
            }
            sliderId={0}
            theme="theme-cloudy-sky"
          />
          <Connect(CustomSlider)
            list={
              Array [
                "Colombo",
                "Canada",
                "Manila",
              ]
            }
            sliderId={1}
            theme="theme-heavy-rain"
          />
          <Connect(CustomSlider)
            list={
              Array [
                "India",
                "Austin",
                "California",
              ]
            }
            sliderId={2}
            theme="theme-green-day"
          />
        </div>
      </div>,
      "className": "App",
    },
    "ref": null,
    "rendered": Object {
      "instance": null,
      "key": undefined,
      "nodeType": "host",
      "props": Object {
        "children": <div
          className="row"
          style={
            Object {
              "marginTop": "100px",
            }
          }
        >
          <Connect(CustomSlider)
            list={
              Array [
                "Singapore",
                "Paris",
                "Dubai",
              ]
            }
            sliderId={0}
            theme="theme-cloudy-sky"
          />
          <Connect(CustomSlider)
            list={
              Array [
                "Colombo",
                "Canada",
                "Manila",
              ]
            }
            sliderId={1}
            theme="theme-heavy-rain"
          />
          <Connect(CustomSlider)
            list={
              Array [
                "India",
                "Austin",
                "California",
              ]
            }
            sliderId={2}
            theme="theme-green-day"
          />
        </div>,
        "className": "container",
      },
      "ref": null,
      "rendered": Object {
        "instance": null,
        "key": undefined,
        "nodeType": "host",
        "props": Object {
          "children": Array [
            <Connect(CustomSlider)
              list={
                Array [
                  "Singapore",
                  "Paris",
                  "Dubai",
                ]
              }
              sliderId={0}
              theme="theme-cloudy-sky"
            />,
            <Connect(CustomSlider)
              list={
                Array [
                  "Colombo",
                  "Canada",
                  "Manila",
                ]
              }
              sliderId={1}
              theme="theme-heavy-rain"
            />,
            <Connect(CustomSlider)
              list={
                Array [
                  "India",
                  "Austin",
                  "California",
                ]
              }
              sliderId={2}
              theme="theme-green-day"
            />,
          ],
          "className": "row",
          "style": Object {
            "marginTop": "100px",
          },
        },
        "ref": null,
        "rendered": Array [
          Object {
            "instance": null,
            "key": "0",
            "nodeType": "class",
            "props": Object {
              "list": Array [
                "Singapore",
                "Paris",
                "Dubai",
              ],
              "sliderId": 0,
              "theme": "theme-cloudy-sky",
            },
            "ref": null,
            "rendered": null,
            "type": [Function],
          },
          Object {
            "instance": null,
            "key": "1",
            "nodeType": "class",
            "props": Object {
              "list": Array [
                "Colombo",
                "Canada",
                "Manila",
              ],
              "sliderId": 1,
              "theme": "theme-heavy-rain",
            },
            "ref": null,
            "rendered": null,
            "type": [Function],
          },
          Object {
            "instance": null,
            "key": "2",
            "nodeType": "class",
            "props": Object {
              "list": Array [
                "India",
                "Austin",
                "California",
              ],
              "sliderId": 2,
              "theme": "theme-green-day",
            },
            "ref": null,
            "rendered": null,
            "type": [Function],
          },
        ],
        "type": "div",
      },
      "type": "div",
    },
    "type": "div",
  },
  Symbol(enzyme.__nodes__): Array [
    Object {
      "instance": null,
      "key": undefined,
      "nodeType": "host",
      "props": Object {
        "children": <div
          className="container"
        >
          <div
            className="row"
            style={
              Object {
                "marginTop": "100px",
              }
            }
          >
            <Connect(CustomSlider)
              list={
                Array [
                  "Singapore",
                  "Paris",
                  "Dubai",
                ]
              }
              sliderId={0}
              theme="theme-cloudy-sky"
            />
            <Connect(CustomSlider)
              list={
                Array [
                  "Colombo",
                  "Canada",
                  "Manila",
                ]
              }
              sliderId={1}
              theme="theme-heavy-rain"
            />
            <Connect(CustomSlider)
              list={
                Array [
                  "India",
                  "Austin",
                  "California",
                ]
              }
              sliderId={2}
              theme="theme-green-day"
            />
          </div>
        </div>,
        "className": "App",
      },
      "ref": null,
      "rendered": Object {
        "instance": null,
        "key": undefined,
        "nodeType": "host",
        "props": Object {
          "children": <div
            className="row"
            style={
              Object {
                "marginTop": "100px",
              }
            }
          >
            <Connect(CustomSlider)
              list={
                Array [
                  "Singapore",
                  "Paris",
                  "Dubai",
                ]
              }
              sliderId={0}
              theme="theme-cloudy-sky"
            />
            <Connect(CustomSlider)
              list={
                Array [
                  "Colombo",
                  "Canada",
                  "Manila",
                ]
              }
              sliderId={1}
              theme="theme-heavy-rain"
            />
            <Connect(CustomSlider)
              list={
                Array [
                  "India",
                  "Austin",
                  "California",
                ]
              }
              sliderId={2}
              theme="theme-green-day"
            />
          </div>,
          "className": "container",
        },
        "ref": null,
        "rendered": Object {
          "instance": null,
          "key": undefined,
          "nodeType": "host",
          "props": Object {
            "children": Array [
              <Connect(CustomSlider)
                list={
                  Array [
                    "Singapore",
                    "Paris",
                    "Dubai",
                  ]
                }
                sliderId={0}
                theme="theme-cloudy-sky"
              />,
              <Connect(CustomSlider)
                list={
                  Array [
                    "Colombo",
                    "Canada",
                    "Manila",
                  ]
                }
                sliderId={1}
                theme="theme-heavy-rain"
              />,
              <Connect(CustomSlider)
                list={
                  Array [
                    "India",
                    "Austin",
                    "California",
                  ]
                }
                sliderId={2}
                theme="theme-green-day"
              />,
            ],
            "className": "row",
            "style": Object {
              "marginTop": "100px",
            },
          },
          "ref": null,
          "rendered": Array [
            Object {
              "instance": null,
              "key": "0",
              "nodeType": "class",
              "props": Object {
                "list": Array [
                  "Singapore",
                  "Paris",
                  "Dubai",
                ],
                "sliderId": 0,
                "theme": "theme-cloudy-sky",
              },
              "ref": null,
              "rendered": null,
              "type": [Function],
            },
            Object {
              "instance": null,
              "key": "1",
              "nodeType": "class",
              "props": Object {
                "list": Array [
                  "Colombo",
                  "Canada",
                  "Manila",
                ],
                "sliderId": 1,
                "theme": "theme-heavy-rain",
              },
              "ref": null,
              "rendered": null,
              "type": [Function],
            },
            Object {
              "instance": null,
              "key": "2",
              "nodeType": "class",
              "props": Object {
                "list": Array [
                  "India",
                  "Austin",
                  "California",
                ],
                "sliderId": 2,
                "theme": "theme-green-day",
              },
              "ref": null,
              "rendered": null,
              "type": [Function],
            },
          ],
          "type": "div",
        },
        "type": "div",
      },
      "type": "div",
    },
  ],
  Symbol(enzyme.__options__): Object {
    "adapter": ReactSixteenAdapter {
      "options": Object {
        "enableComponentDidUpdateOnSetState": true,
        "legacyContextMode": "parent",
        "lifecycles": Object {
          "componentDidUpdate": Object {
            "onSetState": true,
          },
          "getChildContext": Object {
            "calledByRenderer": false,
          },
          "getDerivedStateFromProps": Object {
            "hasShouldComponentUpdateBug": false,
          },
          "getSnapshotBeforeUpdate": true,
          "setState": Object {
            "skipsComponentDidUpdateOnNullish": true,
          },
        },
      },
    },
  },
  Symbol(enzyme.__childContext__): null,
}
`;
